// Jest Snapshot v1, https://goo.gl/fbAQLP

exports[`should render ExpenseListItem with props 1`] = `
<div>
  <h4>
    <Link
      replace={false}
      to="/edit/1"
    >
      Gum
    </Link>
  </h4>
  <p>
    Cost: 
    100
    , created At: 
    0
  </p>
</div>
`;
