// Jest Snapshot v1, https://goo.gl/fbAQLP

exports[`should render ExpenseList with expenses 1`] = `
<div>
  <h3>
    Expenses List
  </h3>
  <ExpenseListItem
    amount={100}
    createdAt={0}
    description="Gum"
    id="1"
    key="1"
  />
  <ExpenseListItem
    amount={20000}
    createdAt={-172800000}
    description="February Rent"
    id="2"
    key="2"
  />
  <ExpenseListItem
    amount={4500}
    createdAt={172800000}
    description="Credit Card"
    id="3"
    key="3"
  />
</div>
`;

exports[`should render ExpenseList without expenses 1`] = `
<div>
  <h3>
    Expenses List
  </h3>
  <p>
    No expenses Found
  </p>
</div>
`;
