// Jest Snapshot v1, https://goo.gl/fbAQLP

exports[`should render header correctly 1`] = `
<header>
  <h1>
    Expensify
  </h1>
  <div
    className="container"
  >
    <NavLink
      activeClassName="is-active"
      ariaCurrent="true"
      className="item"
      exact={true}
      to="/"
    >
      Dashboard
    </NavLink>
    <NavLink
      activeClassName="is-active"
      ariaCurrent="true"
      className="item"
      to="/create"
    >
      Create Expense
    </NavLink>
    <NavLink
      activeClassName="is-active"
      ariaCurrent="true"
      className="item"
      to="/help"
    >
      Help Page
    </NavLink>
  </div>
</header>
`;
